  Determining projects to restore...
  All projects are up-to-date for restore.
D:\Elevate\C2 ASP.NET  Tues 8-11PM\project 1\Examination System\team1\ExaminationSystem-team1\Controllers\ViewModels\LoginViewModels\UserResponseVm.cs(5,23): warning CS8618: Non-nullable property 'DisplayName' must contain a non-null value when exiting constructor. Consider adding the 'required' modifier or declaring the property as nullable. [D:\Elevate\C2 ASP.NET  Tues 8-11PM\project 1\Examination System\team1\ExaminationSystem-team1\ExaminationSystem.csproj]
D:\Elevate\C2 ASP.NET  Tues 8-11PM\project 1\Examination System\team1\ExaminationSystem-team1\Controllers\ViewModels\LoginViewModels\UserResponseVm.cs(6,23): warning CS8618: Non-nullable property 'Email' must contain a non-null value when exiting constructor. Consider adding the 'required' modifier or declaring the property as nullable. [D:\Elevate\C2 ASP.NET  Tues 8-11PM\project 1\Examination System\team1\ExaminationSystem-team1\ExaminationSystem.csproj]
D:\Elevate\C2 ASP.NET  Tues 8-11PM\project 1\Examination System\team1\ExaminationSystem-team1\Controllers\ViewModels\LoginViewModels\UserResponseVm.cs(7,23): warning CS8618: Non-nullable property 'Token' must contain a non-null value when exiting constructor. Consider adding the 'required' modifier or declaring the property as nullable. [D:\Elevate\C2 ASP.NET  Tues 8-11PM\project 1\Examination System\team1\ExaminationSystem-team1\ExaminationSystem.csproj]
D:\Elevate\C2 ASP.NET  Tues 8-11PM\project 1\Examination System\team1\ExaminationSystem-team1\Controllers\ViewModels\LoginViewModels\LoginRequestVm.cs(9,23): warning CS8618: Non-nullable property 'Email' must contain a non-null value when exiting constructor. Consider adding the 'required' modifier or declaring the property as nullable. [D:\Elevate\C2 ASP.NET  Tues 8-11PM\project 1\Examination System\team1\ExaminationSystem-team1\ExaminationSystem.csproj]
D:\Elevate\C2 ASP.NET  Tues 8-11PM\project 1\Examination System\team1\ExaminationSystem-team1\Controllers\ViewModels\LoginViewModels\LoginRequestVm.cs(11,23): warning CS8618: Non-nullable property 'Password' must contain a non-null value when exiting constructor. Consider adding the 'required' modifier or declaring the property as nullable. [D:\Elevate\C2 ASP.NET  Tues 8-11PM\project 1\Examination System\team1\ExaminationSystem-team1\ExaminationSystem.csproj]
D:\Elevate\C2 ASP.NET  Tues 8-11PM\project 1\Examination System\team1\ExaminationSystem-team1\Domain\Models\User.cs(8,23): warning CS8618: Non-nullable property 'FullName' must contain a non-null value when exiting constructor. Consider adding the 'required' modifier or declaring the property as nullable. [D:\Elevate\C2 ASP.NET  Tues 8-11PM\project 1\Examination System\team1\ExaminationSystem-team1\ExaminationSystem.csproj]
D:\Elevate\C2 ASP.NET  Tues 8-11PM\project 1\Examination System\team1\ExaminationSystem-team1\Domain\Models\QuizAttempt.cs(7,23): warning CS8618: Non-nullable property 'StudentId' must contain a non-null value when exiting constructor. Consider adding the 'required' modifier or declaring the property as nullable. [D:\Elevate\C2 ASP.NET  Tues 8-11PM\project 1\Examination System\team1\ExaminationSystem-team1\ExaminationSystem.csproj]
D:\Elevate\C2 ASP.NET  Tues 8-11PM\project 1\Examination System\team1\ExaminationSystem-team1\Domain\Models\QuizAttempt.cs(10,23): warning CS8618: Non-nullable property 'status' must contain a non-null value when exiting constructor. Consider adding the 'required' modifier or declaring the property as nullable. [D:\Elevate\C2 ASP.NET  Tues 8-11PM\project 1\Examination System\team1\ExaminationSystem-team1\ExaminationSystem.csproj]
D:\Elevate\C2 ASP.NET  Tues 8-11PM\project 1\Examination System\team1\ExaminationSystem-team1\Domain\Models\QuizAttempt.cs(18,21): warning CS8618: Non-nullable property 'Student' must contain a non-null value when exiting constructor. Consider adding the 'required' modifier or declaring the property as nullable. [D:\Elevate\C2 ASP.NET  Tues 8-11PM\project 1\Examination System\team1\ExaminationSystem-team1\ExaminationSystem.csproj]
D:\Elevate\C2 ASP.NET  Tues 8-11PM\project 1\Examination System\team1\ExaminationSystem-team1\Domain\Models\QuizAttempt.cs(19,21): warning CS8618: Non-nullable property 'Quiz' must contain a non-null value when exiting constructor. Consider adding the 'required' modifier or declaring the property as nullable. [D:\Elevate\C2 ASP.NET  Tues 8-11PM\project 1\Examination System\team1\ExaminationSystem-team1\ExaminationSystem.csproj]
D:\Elevate\C2 ASP.NET  Tues 8-11PM\project 1\Examination System\team1\ExaminationSystem-team1\Controllers\AuthController.cs(38,37): error CS1061: 'RequestResult<LoginCommandResponseDTO>' does not contain a definition for 'Message' and no accessible extension method 'Message' accepting a first argument of type 'RequestResult<LoginCommandResponseDTO>' could be found (are you missing a using directive or an assembly reference?) [D:\Elevate\C2 ASP.NET  Tues 8-11PM\project 1\Examination System\team1\ExaminationSystem-team1\ExaminationSystem.csproj]
D:\Elevate\C2 ASP.NET  Tues 8-11PM\project 1\Examination System\team1\ExaminationSystem-team1\Controllers\AuthController.cs(42,32): error CS1061: 'RequestResult<LoginCommandResponseDTO>' does not contain a definition for 'Data' and no accessible extension method 'Data' accepting a first argument of type 'RequestResult<LoginCommandResponseDTO>' could be found (are you missing a using directive or an assembly reference?) [D:\Elevate\C2 ASP.NET  Tues 8-11PM\project 1\Examination System\team1\ExaminationSystem-team1\ExaminationSystem.csproj]
D:\Elevate\C2 ASP.NET  Tues 8-11PM\project 1\Examination System\team1\ExaminationSystem-team1\Controllers\AuthController.cs(43,32): error CS1061: 'RequestResult<LoginCommandResponseDTO>' does not contain a definition for 'Data' and no accessible extension method 'Data' accepting a first argument of type 'RequestResult<LoginCommandResponseDTO>' could be found (are you missing a using directive or an assembly reference?) [D:\Elevate\C2 ASP.NET  Tues 8-11PM\project 1\Examination System\team1\ExaminationSystem-team1\ExaminationSystem.csproj]
D:\Elevate\C2 ASP.NET  Tues 8-11PM\project 1\Examination System\team1\ExaminationSystem-team1\Domain\Models\Question.cs(8,23): warning CS8618: Non-nullable property 'Text' must contain a non-null value when exiting constructor. Consider adding the 'required' modifier or declaring the property as nullable. [D:\Elevate\C2 ASP.NET  Tues 8-11PM\project 1\Examination System\team1\ExaminationSystem-team1\ExaminationSystem.csproj]
D:\Elevate\C2 ASP.NET  Tues 8-11PM\project 1\Examination System\team1\ExaminationSystem-team1\Domain\Models\Option.cs(6,23): warning CS8618: Non-nullable property 'Text' must contain a non-null value when exiting constructor. Consider adding the 'required' modifier or declaring the property as nullable. [D:\Elevate\C2 ASP.NET  Tues 8-11PM\project 1\Examination System\team1\ExaminationSystem-team1\ExaminationSystem.csproj]
D:\Elevate\C2 ASP.NET  Tues 8-11PM\project 1\Examination System\team1\ExaminationSystem-team1\Domain\Models\Option.cs(9,25): warning CS8618: Non-nullable property 'Question' must contain a non-null value when exiting constructor. Consider adding the 'required' modifier or declaring the property as nullable. [D:\Elevate\C2 ASP.NET  Tues 8-11PM\project 1\Examination System\team1\ExaminationSystem-team1\ExaminationSystem.csproj]
D:\Elevate\C2 ASP.NET  Tues 8-11PM\project 1\Examination System\team1\ExaminationSystem-team1\Domain\Models\Enrollment.cs(7,23): warning CS8618: Non-nullable property 'StudentId' must contain a non-null value when exiting constructor. Consider adding the 'required' modifier or declaring the property as nullable. [D:\Elevate\C2 ASP.NET  Tues 8-11PM\project 1\Examination System\team1\ExaminationSystem-team1\ExaminationSystem.csproj]
D:\Elevate\C2 ASP.NET  Tues 8-11PM\project 1\Examination System\team1\ExaminationSystem-team1\Domain\Models\Enrollment.cs(10,23): warning CS8618: Non-nullable property 'Status' must contain a non-null value when exiting constructor. Consider adding the 'required' modifier or declaring the property as nullable. [D:\Elevate\C2 ASP.NET  Tues 8-11PM\project 1\Examination System\team1\ExaminationSystem-team1\ExaminationSystem.csproj]
D:\Elevate\C2 ASP.NET  Tues 8-11PM\project 1\Examination System\team1\ExaminationSystem-team1\Domain\Models\Enrollment.cs(14,21): warning CS8618: Non-nullable property 'Student' must contain a non-null value when exiting constructor. Consider adding the 'required' modifier or declaring the property as nullable. [D:\Elevate\C2 ASP.NET  Tues 8-11PM\project 1\Examination System\team1\ExaminationSystem-team1\ExaminationSystem.csproj]
D:\Elevate\C2 ASP.NET  Tues 8-11PM\project 1\Examination System\team1\ExaminationSystem-team1\Domain\Models\Enrollment.cs(15,24): warning CS8618: Non-nullable property 'Diploma' must contain a non-null value when exiting constructor. Consider adding the 'required' modifier or declaring the property as nullable. [D:\Elevate\C2 ASP.NET  Tues 8-11PM\project 1\Examination System\team1\ExaminationSystem-team1\ExaminationSystem.csproj]
D:\Elevate\C2 ASP.NET  Tues 8-11PM\project 1\Examination System\team1\ExaminationSystem-team1\Domain\Models\Diploma.cs(5,23): warning CS8618: Non-nullable property 'Title' must contain a non-null value when exiting constructor. Consider adding the 'required' modifier or declaring the property as nullable. [D:\Elevate\C2 ASP.NET  Tues 8-11PM\project 1\Examination System\team1\ExaminationSystem-team1\ExaminationSystem.csproj]
D:\Elevate\C2 ASP.NET  Tues 8-11PM\project 1\Examination System\team1\ExaminationSystem-team1\Domain\Models\Diploma.cs(6,23): warning CS8618: Non-nullable property 'Description' must contain a non-null value when exiting constructor. Consider adding the 'required' modifier or declaring the property as nullable. [D:\Elevate\C2 ASP.NET  Tues 8-11PM\project 1\Examination System\team1\ExaminationSystem-team1\ExaminationSystem.csproj]
D:\Elevate\C2 ASP.NET  Tues 8-11PM\project 1\Examination System\team1\ExaminationSystem-team1\Domain\Models\Diploma.cs(7,23): warning CS8618: Non-nullable property 'Status' must contain a non-null value when exiting constructor. Consider adding the 'required' modifier or declaring the property as nullable. [D:\Elevate\C2 ASP.NET  Tues 8-11PM\project 1\Examination System\team1\ExaminationSystem-team1\ExaminationSystem.csproj]
D:\Elevate\C2 ASP.NET  Tues 8-11PM\project 1\Examination System\team1\ExaminationSystem-team1\Domain\Models\AttemptAnswer.cs(11,28): warning CS8618: Non-nullable property 'QuizAttempt' must contain a non-null value when exiting constructor. Consider adding the 'required' modifier or declaring the property as nullable. [D:\Elevate\C2 ASP.NET  Tues 8-11PM\project 1\Examination System\team1\ExaminationSystem-team1\ExaminationSystem.csproj]
D:\Elevate\C2 ASP.NET  Tues 8-11PM\project 1\Examination System\team1\ExaminationSystem-team1\Domain\Models\AttemptAnswer.cs(12,25): warning CS8618: Non-nullable property 'Question' must contain a non-null value when exiting constructor. Consider adding the 'required' modifier or declaring the property as nullable. [D:\Elevate\C2 ASP.NET  Tues 8-11PM\project 1\Examination System\team1\ExaminationSystem-team1\ExaminationSystem.csproj]
D:\Elevate\C2 ASP.NET  Tues 8-11PM\project 1\Examination System\team1\ExaminationSystem-team1\Domain\Models\AttemptAnswer.cs(13,23): warning CS8618: Non-nullable property 'Option' must contain a non-null value when exiting constructor. Consider adding the 'required' modifier or declaring the property as nullable. [D:\Elevate\C2 ASP.NET  Tues 8-11PM\project 1\Examination System\team1\ExaminationSystem-team1\ExaminationSystem.csproj]
D:\Elevate\C2 ASP.NET  Tues 8-11PM\project 1\Examination System\team1\ExaminationSystem-team1\Program.cs(50,45): error CS0246: The type or namespace name 'RegisterCommandHandler' could not be found (are you missing a using directive or an assembly reference?) [D:\Elevate\C2 ASP.NET  Tues 8-11PM\project 1\Examination System\team1\ExaminationSystem-team1\ExaminationSystem.csproj]
D:\Elevate\C2 ASP.NET  Tues 8-11PM\project 1\Examination System\team1\ExaminationSystem-team1\Program.cs(83,44): warning CS8604: Possible null reference argument for parameter 's' in 'byte[] Encoding.GetBytes(string s)'. [D:\Elevate\C2 ASP.NET  Tues 8-11PM\project 1\Examination System\team1\ExaminationSystem-team1\ExaminationSystem.csproj]
D:\Elevate\C2 ASP.NET  Tues 8-11PM\project 1\Examination System\team1\ExaminationSystem-team1\Infrastructure\Implementations\GeneralRepository.cs(81,31): warning CS8600: Converting null literal or possible null value to non-nullable type. [D:\Elevate\C2 ASP.NET  Tues 8-11PM\project 1\Examination System\team1\ExaminationSystem-team1\ExaminationSystem.csproj]
D:\Elevate\C2 ASP.NET  Tues 8-11PM\project 1\Examination System\team1\ExaminationSystem-team1\Infrastructure\Implementations\GeneralRepository.cs(85,34): warning CS8602: Dereference of a possibly null reference. [D:\Elevate\C2 ASP.NET  Tues 8-11PM\project 1\Examination System\team1\ExaminationSystem-team1\ExaminationSystem.csproj]
D:\Elevate\C2 ASP.NET  Tues 8-11PM\project 1\Examination System\team1\ExaminationSystem-team1\Infrastructure\Implementations\GeneralRepository.cs(90,41): warning CS8602: Dereference of a possibly null reference. [D:\Elevate\C2 ASP.NET  Tues 8-11PM\project 1\Examination System\team1\ExaminationSystem-team1\ExaminationSystem.csproj]
D:\Elevate\C2 ASP.NET  Tues 8-11PM\project 1\Examination System\team1\ExaminationSystem-team1\Features\AuthModule\UserLogin\LoginRequests\Commands\LoginCommandRequest.cs(64,23): error CS0117: 'RequestResult<LoginCommandResponseDTO>' does not contain a definition for 'Failure' [D:\Elevate\C2 ASP.NET  Tues 8-11PM\project 1\Examination System\team1\ExaminationSystem-team1\ExaminationSystem.csproj]
D:\Elevate\C2 ASP.NET  Tues 8-11PM\project 1\Examination System\team1\ExaminationSystem-team1\Features\AuthModule\UserLogin\LoginRequests\Commands\LoginCommandRequest.cs(71,22): error CS0117: 'RequestResult<LoginCommandResponseDTO>' does not contain a definition for 'Failure' [D:\Elevate\C2 ASP.NET  Tues 8-11PM\project 1\Examination System\team1\ExaminationSystem-team1\ExaminationSystem.csproj]
D:\Elevate\C2 ASP.NET  Tues 8-11PM\project 1\Examination System\team1\ExaminationSystem-team1\Features\AuthModule\UserLogin\LoginRequests\Commands\LoginCommandRequest.cs(76,22): error CS0117: 'RequestResult<LoginCommandResponseDTO>' does not contain a definition for 'Failure' [D:\Elevate\C2 ASP.NET  Tues 8-11PM\project 1\Examination System\team1\ExaminationSystem-team1\ExaminationSystem.csproj]
D:\Elevate\C2 ASP.NET  Tues 8-11PM\project 1\Examination System\team1\ExaminationSystem-team1\Features\AuthModule\UserLogin\LoginRequests\Commands\LoginCommandRequest.cs(81,22): error CS0117: 'RequestResult<LoginCommandResponseDTO>' does not contain a definition for 'Failure' [D:\Elevate\C2 ASP.NET  Tues 8-11PM\project 1\Examination System\team1\ExaminationSystem-team1\ExaminationSystem.csproj]
D:\Elevate\C2 ASP.NET  Tues 8-11PM\project 1\Examination System\team1\ExaminationSystem-team1\Features\AuthModule\UserLogin\LoginRequests\Commands\LoginCommandRequest.cs(86,22): error CS0117: 'RequestResult<LoginCommandResponseDTO>' does not contain a definition for 'Failure' [D:\Elevate\C2 ASP.NET  Tues 8-11PM\project 1\Examination System\team1\ExaminationSystem-team1\ExaminationSystem.csproj]
D:\Elevate\C2 ASP.NET  Tues 8-11PM\project 1\Examination System\team1\ExaminationSystem-team1\Features\AuthModule\UserLogin\LoginRequests\Commands\LoginCommandRequest.cs(94,22): error CS0117: 'RequestResult<LoginCommandResponseDTO>' does not contain a definition for 'Failure' [D:\Elevate\C2 ASP.NET  Tues 8-11PM\project 1\Examination System\team1\ExaminationSystem-team1\ExaminationSystem.csproj]
D:\Elevate\C2 ASP.NET  Tues 8-11PM\project 1\Examination System\team1\ExaminationSystem-team1\Features\AuthModule\UserLogin\LoginRequests\Commands\LoginCommandRequest.cs(99,59): error CS0117: 'RequestResult<LoginCommandResponseDTO>' does not contain a definition for 'Success' [D:\Elevate\C2 ASP.NET  Tues 8-11PM\project 1\Examination System\team1\ExaminationSystem-team1\ExaminationSystem.csproj]
D:\Elevate\C2 ASP.NET  Tues 8-11PM\project 1\Examination System\team1\ExaminationSystem-team1\Features\AuthModule\UserLogin\LoginRequests\Commands\LoginCommandRequest.cs(101,25): warning CS8601: Possible null reference assignment. [D:\Elevate\C2 ASP.NET  Tues 8-11PM\project 1\Examination System\team1\ExaminationSystem-team1\ExaminationSystem.csproj]
D:\Elevate\C2 ASP.NET  Tues 8-11PM\project 1\Examination System\team1\ExaminationSystem-team1\Features\AuthModule\UserLogin\LoginDTOS\LoginCommandResponseDTO.cs(5,23): warning CS8618: Non-nullable property 'Email' must contain a non-null value when exiting constructor. Consider adding the 'required' modifier or declaring the property as nullable. [D:\Elevate\C2 ASP.NET  Tues 8-11PM\project 1\Examination System\team1\ExaminationSystem-team1\ExaminationSystem.csproj]
D:\Elevate\C2 ASP.NET  Tues 8-11PM\project 1\Examination System\team1\ExaminationSystem-team1\Features\AuthModule\UserLogin\LoginDTOS\LoginCommandResponseDTO.cs(6,23): warning CS8618: Non-nullable property 'Token' must contain a non-null value when exiting constructor. Consider adding the 'required' modifier or declaring the property as nullable. [D:\Elevate\C2 ASP.NET  Tues 8-11PM\project 1\Examination System\team1\ExaminationSystem-team1\ExaminationSystem.csproj]
D:\Elevate\C2 ASP.NET  Tues 8-11PM\project 1\Examination System\team1\ExaminationSystem-team1\Features\AuthModule\Shared\TokenGenerator.cs(23,45): warning CS8604: Possible null reference argument for parameter 'value' in 'Claim.Claim(string type, string value)'. [D:\Elevate\C2 ASP.NET  Tues 8-11PM\project 1\Examination System\team1\ExaminationSystem-team1\ExaminationSystem.csproj]
D:\Elevate\C2 ASP.NET  Tues 8-11PM\project 1\Examination System\team1\ExaminationSystem-team1\Features\AuthModule\Shared\TokenGenerator.cs(24,44): warning CS8604: Possible null reference argument for parameter 'value' in 'Claim.Claim(string type, string value)'. [D:\Elevate\C2 ASP.NET  Tues 8-11PM\project 1\Examination System\team1\ExaminationSystem-team1\ExaminationSystem.csproj]
D:\Elevate\C2 ASP.NET  Tues 8-11PM\project 1\Examination System\team1\ExaminationSystem-team1\Features\AuthModule\Shared\TokenGenerator.cs(29,40): warning CS8604: Possible null reference argument for parameter 's' in 'byte[] Encoding.GetBytes(string s)'. [D:\Elevate\C2 ASP.NET  Tues 8-11PM\project 1\Examination System\team1\ExaminationSystem-team1\ExaminationSystem.csproj]

Build FAILED.

D:\Elevate\C2 ASP.NET  Tues 8-11PM\project 1\Examination System\team1\ExaminationSystem-team1\Controllers\ViewModels\LoginViewModels\UserResponseVm.cs(5,23): warning CS8618: Non-nullable property 'DisplayName' must contain a non-null value when exiting constructor. Consider adding the 'required' modifier or declaring the property as nullable. [D:\Elevate\C2 ASP.NET  Tues 8-11PM\project 1\Examination System\team1\ExaminationSystem-team1\ExaminationSystem.csproj]
D:\Elevate\C2 ASP.NET  Tues 8-11PM\project 1\Examination System\team1\ExaminationSystem-team1\Controllers\ViewModels\LoginViewModels\UserResponseVm.cs(6,23): warning CS8618: Non-nullable property 'Email' must contain a non-null value when exiting constructor. Consider adding the 'required' modifier or declaring the property as nullable. [D:\Elevate\C2 ASP.NET  Tues 8-11PM\project 1\Examination System\team1\ExaminationSystem-team1\ExaminationSystem.csproj]
D:\Elevate\C2 ASP.NET  Tues 8-11PM\project 1\Examination System\team1\ExaminationSystem-team1\Controllers\ViewModels\LoginViewModels\UserResponseVm.cs(7,23): warning CS8618: Non-nullable property 'Token' must contain a non-null value when exiting constructor. Consider adding the 'required' modifier or declaring the property as nullable. [D:\Elevate\C2 ASP.NET  Tues 8-11PM\project 1\Examination System\team1\ExaminationSystem-team1\ExaminationSystem.csproj]
D:\Elevate\C2 ASP.NET  Tues 8-11PM\project 1\Examination System\team1\ExaminationSystem-team1\Controllers\ViewModels\LoginViewModels\LoginRequestVm.cs(9,23): warning CS8618: Non-nullable property 'Email' must contain a non-null value when exiting constructor. Consider adding the 'required' modifier or declaring the property as nullable. [D:\Elevate\C2 ASP.NET  Tues 8-11PM\project 1\Examination System\team1\ExaminationSystem-team1\ExaminationSystem.csproj]
D:\Elevate\C2 ASP.NET  Tues 8-11PM\project 1\Examination System\team1\ExaminationSystem-team1\Controllers\ViewModels\LoginViewModels\LoginRequestVm.cs(11,23): warning CS8618: Non-nullable property 'Password' must contain a non-null value when exiting constructor. Consider adding the 'required' modifier or declaring the property as nullable. [D:\Elevate\C2 ASP.NET  Tues 8-11PM\project 1\Examination System\team1\ExaminationSystem-team1\ExaminationSystem.csproj]
D:\Elevate\C2 ASP.NET  Tues 8-11PM\project 1\Examination System\team1\ExaminationSystem-team1\Domain\Models\User.cs(8,23): warning CS8618: Non-nullable property 'FullName' must contain a non-null value when exiting constructor. Consider adding the 'required' modifier or declaring the property as nullable. [D:\Elevate\C2 ASP.NET  Tues 8-11PM\project 1\Examination System\team1\ExaminationSystem-team1\ExaminationSystem.csproj]
D:\Elevate\C2 ASP.NET  Tues 8-11PM\project 1\Examination System\team1\ExaminationSystem-team1\Domain\Models\QuizAttempt.cs(7,23): warning CS8618: Non-nullable property 'StudentId' must contain a non-null value when exiting constructor. Consider adding the 'required' modifier or declaring the property as nullable. [D:\Elevate\C2 ASP.NET  Tues 8-11PM\project 1\Examination System\team1\ExaminationSystem-team1\ExaminationSystem.csproj]
D:\Elevate\C2 ASP.NET  Tues 8-11PM\project 1\Examination System\team1\ExaminationSystem-team1\Domain\Models\QuizAttempt.cs(10,23): warning CS8618: Non-nullable property 'status' must contain a non-null value when exiting constructor. Consider adding the 'required' modifier or declaring the property as nullable. [D:\Elevate\C2 ASP.NET  Tues 8-11PM\project 1\Examination System\team1\ExaminationSystem-team1\ExaminationSystem.csproj]
D:\Elevate\C2 ASP.NET  Tues 8-11PM\project 1\Examination System\team1\ExaminationSystem-team1\Domain\Models\QuizAttempt.cs(18,21): warning CS8618: Non-nullable property 'Student' must contain a non-null value when exiting constructor. Consider adding the 'required' modifier or declaring the property as nullable. [D:\Elevate\C2 ASP.NET  Tues 8-11PM\project 1\Examination System\team1\ExaminationSystem-team1\ExaminationSystem.csproj]
D:\Elevate\C2 ASP.NET  Tues 8-11PM\project 1\Examination System\team1\ExaminationSystem-team1\Domain\Models\QuizAttempt.cs(19,21): warning CS8618: Non-nullable property 'Quiz' must contain a non-null value when exiting constructor. Consider adding the 'required' modifier or declaring the property as nullable. [D:\Elevate\C2 ASP.NET  Tues 8-11PM\project 1\Examination System\team1\ExaminationSystem-team1\ExaminationSystem.csproj]
D:\Elevate\C2 ASP.NET  Tues 8-11PM\project 1\Examination System\team1\ExaminationSystem-team1\Domain\Models\Question.cs(8,23): warning CS8618: Non-nullable property 'Text' must contain a non-null value when exiting constructor. Consider adding the 'required' modifier or declaring the property as nullable. [D:\Elevate\C2 ASP.NET  Tues 8-11PM\project 1\Examination System\team1\ExaminationSystem-team1\ExaminationSystem.csproj]
D:\Elevate\C2 ASP.NET  Tues 8-11PM\project 1\Examination System\team1\ExaminationSystem-team1\Domain\Models\Option.cs(6,23): warning CS8618: Non-nullable property 'Text' must contain a non-null value when exiting constructor. Consider adding the 'required' modifier or declaring the property as nullable. [D:\Elevate\C2 ASP.NET  Tues 8-11PM\project 1\Examination System\team1\ExaminationSystem-team1\ExaminationSystem.csproj]
D:\Elevate\C2 ASP.NET  Tues 8-11PM\project 1\Examination System\team1\ExaminationSystem-team1\Domain\Models\Option.cs(9,25): warning CS8618: Non-nullable property 'Question' must contain a non-null value when exiting constructor. Consider adding the 'required' modifier or declaring the property as nullable. [D:\Elevate\C2 ASP.NET  Tues 8-11PM\project 1\Examination System\team1\ExaminationSystem-team1\ExaminationSystem.csproj]
D:\Elevate\C2 ASP.NET  Tues 8-11PM\project 1\Examination System\team1\ExaminationSystem-team1\Domain\Models\Enrollment.cs(7,23): warning CS8618: Non-nullable property 'StudentId' must contain a non-null value when exiting constructor. Consider adding the 'required' modifier or declaring the property as nullable. [D:\Elevate\C2 ASP.NET  Tues 8-11PM\project 1\Examination System\team1\ExaminationSystem-team1\ExaminationSystem.csproj]
D:\Elevate\C2 ASP.NET  Tues 8-11PM\project 1\Examination System\team1\ExaminationSystem-team1\Domain\Models\Enrollment.cs(10,23): warning CS8618: Non-nullable property 'Status' must contain a non-null value when exiting constructor. Consider adding the 'required' modifier or declaring the property as nullable. [D:\Elevate\C2 ASP.NET  Tues 8-11PM\project 1\Examination System\team1\ExaminationSystem-team1\ExaminationSystem.csproj]
D:\Elevate\C2 ASP.NET  Tues 8-11PM\project 1\Examination System\team1\ExaminationSystem-team1\Domain\Models\Enrollment.cs(14,21): warning CS8618: Non-nullable property 'Student' must contain a non-null value when exiting constructor. Consider adding the 'required' modifier or declaring the property as nullable. [D:\Elevate\C2 ASP.NET  Tues 8-11PM\project 1\Examination System\team1\ExaminationSystem-team1\ExaminationSystem.csproj]
D:\Elevate\C2 ASP.NET  Tues 8-11PM\project 1\Examination System\team1\ExaminationSystem-team1\Domain\Models\Enrollment.cs(15,24): warning CS8618: Non-nullable property 'Diploma' must contain a non-null value when exiting constructor. Consider adding the 'required' modifier or declaring the property as nullable. [D:\Elevate\C2 ASP.NET  Tues 8-11PM\project 1\Examination System\team1\ExaminationSystem-team1\ExaminationSystem.csproj]
D:\Elevate\C2 ASP.NET  Tues 8-11PM\project 1\Examination System\team1\ExaminationSystem-team1\Domain\Models\Diploma.cs(5,23): warning CS8618: Non-nullable property 'Title' must contain a non-null value when exiting constructor. Consider adding the 'required' modifier or declaring the property as nullable. [D:\Elevate\C2 ASP.NET  Tues 8-11PM\project 1\Examination System\team1\ExaminationSystem-team1\ExaminationSystem.csproj]
D:\Elevate\C2 ASP.NET  Tues 8-11PM\project 1\Examination System\team1\ExaminationSystem-team1\Domain\Models\Diploma.cs(6,23): warning CS8618: Non-nullable property 'Description' must contain a non-null value when exiting constructor. Consider adding the 'required' modifier or declaring the property as nullable. [D:\Elevate\C2 ASP.NET  Tues 8-11PM\project 1\Examination System\team1\ExaminationSystem-team1\ExaminationSystem.csproj]
D:\Elevate\C2 ASP.NET  Tues 8-11PM\project 1\Examination System\team1\ExaminationSystem-team1\Domain\Models\Diploma.cs(7,23): warning CS8618: Non-nullable property 'Status' must contain a non-null value when exiting constructor. Consider adding the 'required' modifier or declaring the property as nullable. [D:\Elevate\C2 ASP.NET  Tues 8-11PM\project 1\Examination System\team1\ExaminationSystem-team1\ExaminationSystem.csproj]
D:\Elevate\C2 ASP.NET  Tues 8-11PM\project 1\Examination System\team1\ExaminationSystem-team1\Domain\Models\AttemptAnswer.cs(11,28): warning CS8618: Non-nullable property 'QuizAttempt' must contain a non-null value when exiting constructor. Consider adding the 'required' modifier or declaring the property as nullable. [D:\Elevate\C2 ASP.NET  Tues 8-11PM\project 1\Examination System\team1\ExaminationSystem-team1\ExaminationSystem.csproj]
D:\Elevate\C2 ASP.NET  Tues 8-11PM\project 1\Examination System\team1\ExaminationSystem-team1\Domain\Models\AttemptAnswer.cs(12,25): warning CS8618: Non-nullable property 'Question' must contain a non-null value when exiting constructor. Consider adding the 'required' modifier or declaring the property as nullable. [D:\Elevate\C2 ASP.NET  Tues 8-11PM\project 1\Examination System\team1\ExaminationSystem-team1\ExaminationSystem.csproj]
D:\Elevate\C2 ASP.NET  Tues 8-11PM\project 1\Examination System\team1\ExaminationSystem-team1\Domain\Models\AttemptAnswer.cs(13,23): warning CS8618: Non-nullable property 'Option' must contain a non-null value when exiting constructor. Consider adding the 'required' modifier or declaring the property as nullable. [D:\Elevate\C2 ASP.NET  Tues 8-11PM\project 1\Examination System\team1\ExaminationSystem-team1\ExaminationSystem.csproj]
D:\Elevate\C2 ASP.NET  Tues 8-11PM\project 1\Examination System\team1\ExaminationSystem-team1\Program.cs(83,44): warning CS8604: Possible null reference argument for parameter 's' in 'byte[] Encoding.GetBytes(string s)'. [D:\Elevate\C2 ASP.NET  Tues 8-11PM\project 1\Examination System\team1\ExaminationSystem-team1\ExaminationSystem.csproj]
D:\Elevate\C2 ASP.NET  Tues 8-11PM\project 1\Examination System\team1\ExaminationSystem-team1\Infrastructure\Implementations\GeneralRepository.cs(81,31): warning CS8600: Converting null literal or possible null value to non-nullable type. [D:\Elevate\C2 ASP.NET  Tues 8-11PM\project 1\Examination System\team1\ExaminationSystem-team1\ExaminationSystem.csproj]
D:\Elevate\C2 ASP.NET  Tues 8-11PM\project 1\Examination System\team1\ExaminationSystem-team1\Infrastructure\Implementations\GeneralRepository.cs(85,34): warning CS8602: Dereference of a possibly null reference. [D:\Elevate\C2 ASP.NET  Tues 8-11PM\project 1\Examination System\team1\ExaminationSystem-team1\ExaminationSystem.csproj]
D:\Elevate\C2 ASP.NET  Tues 8-11PM\project 1\Examination System\team1\ExaminationSystem-team1\Infrastructure\Implementations\GeneralRepository.cs(90,41): warning CS8602: Dereference of a possibly null reference. [D:\Elevate\C2 ASP.NET  Tues 8-11PM\project 1\Examination System\team1\ExaminationSystem-team1\ExaminationSystem.csproj]
D:\Elevate\C2 ASP.NET  Tues 8-11PM\project 1\Examination System\team1\ExaminationSystem-team1\Features\AuthModule\UserLogin\LoginRequests\Commands\LoginCommandRequest.cs(101,25): warning CS8601: Possible null reference assignment. [D:\Elevate\C2 ASP.NET  Tues 8-11PM\project 1\Examination System\team1\ExaminationSystem-team1\ExaminationSystem.csproj]
D:\Elevate\C2 ASP.NET  Tues 8-11PM\project 1\Examination System\team1\ExaminationSystem-team1\Features\AuthModule\UserLogin\LoginDTOS\LoginCommandResponseDTO.cs(5,23): warning CS8618: Non-nullable property 'Email' must contain a non-null value when exiting constructor. Consider adding the 'required' modifier or declaring the property as nullable. [D:\Elevate\C2 ASP.NET  Tues 8-11PM\project 1\Examination System\team1\ExaminationSystem-team1\ExaminationSystem.csproj]
D:\Elevate\C2 ASP.NET  Tues 8-11PM\project 1\Examination System\team1\ExaminationSystem-team1\Features\AuthModule\UserLogin\LoginDTOS\LoginCommandResponseDTO.cs(6,23): warning CS8618: Non-nullable property 'Token' must contain a non-null value when exiting constructor. Consider adding the 'required' modifier or declaring the property as nullable. [D:\Elevate\C2 ASP.NET  Tues 8-11PM\project 1\Examination System\team1\ExaminationSystem-team1\ExaminationSystem.csproj]
D:\Elevate\C2 ASP.NET  Tues 8-11PM\project 1\Examination System\team1\ExaminationSystem-team1\Features\AuthModule\Shared\TokenGenerator.cs(23,45): warning CS8604: Possible null reference argument for parameter 'value' in 'Claim.Claim(string type, string value)'. [D:\Elevate\C2 ASP.NET  Tues 8-11PM\project 1\Examination System\team1\ExaminationSystem-team1\ExaminationSystem.csproj]
D:\Elevate\C2 ASP.NET  Tues 8-11PM\project 1\Examination System\team1\ExaminationSystem-team1\Features\AuthModule\Shared\TokenGenerator.cs(24,44): warning CS8604: Possible null reference argument for parameter 'value' in 'Claim.Claim(string type, string value)'. [D:\Elevate\C2 ASP.NET  Tues 8-11PM\project 1\Examination System\team1\ExaminationSystem-team1\ExaminationSystem.csproj]
D:\Elevate\C2 ASP.NET  Tues 8-11PM\project 1\Examination System\team1\ExaminationSystem-team1\Features\AuthModule\Shared\TokenGenerator.cs(29,40): warning CS8604: Possible null reference argument for parameter 's' in 'byte[] Encoding.GetBytes(string s)'. [D:\Elevate\C2 ASP.NET  Tues 8-11PM\project 1\Examination System\team1\ExaminationSystem-team1\ExaminationSystem.csproj]
D:\Elevate\C2 ASP.NET  Tues 8-11PM\project 1\Examination System\team1\ExaminationSystem-team1\Controllers\AuthController.cs(38,37): error CS1061: 'RequestResult<LoginCommandResponseDTO>' does not contain a definition for 'Message' and no accessible extension method 'Message' accepting a first argument of type 'RequestResult<LoginCommandResponseDTO>' could be found (are you missing a using directive or an assembly reference?) [D:\Elevate\C2 ASP.NET  Tues 8-11PM\project 1\Examination System\team1\ExaminationSystem-team1\ExaminationSystem.csproj]
D:\Elevate\C2 ASP.NET  Tues 8-11PM\project 1\Examination System\team1\ExaminationSystem-team1\Controllers\AuthController.cs(42,32): error CS1061: 'RequestResult<LoginCommandResponseDTO>' does not contain a definition for 'Data' and no accessible extension method 'Data' accepting a first argument of type 'RequestResult<LoginCommandResponseDTO>' could be found (are you missing a using directive or an assembly reference?) [D:\Elevate\C2 ASP.NET  Tues 8-11PM\project 1\Examination System\team1\ExaminationSystem-team1\ExaminationSystem.csproj]
D:\Elevate\C2 ASP.NET  Tues 8-11PM\project 1\Examination System\team1\ExaminationSystem-team1\Controllers\AuthController.cs(43,32): error CS1061: 'RequestResult<LoginCommandResponseDTO>' does not contain a definition for 'Data' and no accessible extension method 'Data' accepting a first argument of type 'RequestResult<LoginCommandResponseDTO>' could be found (are you missing a using directive or an assembly reference?) [D:\Elevate\C2 ASP.NET  Tues 8-11PM\project 1\Examination System\team1\ExaminationSystem-team1\ExaminationSystem.csproj]
D:\Elevate\C2 ASP.NET  Tues 8-11PM\project 1\Examination System\team1\ExaminationSystem-team1\Program.cs(50,45): error CS0246: The type or namespace name 'RegisterCommandHandler' could not be found (are you missing a using directive or an assembly reference?) [D:\Elevate\C2 ASP.NET  Tues 8-11PM\project 1\Examination System\team1\ExaminationSystem-team1\ExaminationSystem.csproj]
D:\Elevate\C2 ASP.NET  Tues 8-11PM\project 1\Examination System\team1\ExaminationSystem-team1\Features\AuthModule\UserLogin\LoginRequests\Commands\LoginCommandRequest.cs(64,23): error CS0117: 'RequestResult<LoginCommandResponseDTO>' does not contain a definition for 'Failure' [D:\Elevate\C2 ASP.NET  Tues 8-11PM\project 1\Examination System\team1\ExaminationSystem-team1\ExaminationSystem.csproj]
D:\Elevate\C2 ASP.NET  Tues 8-11PM\project 1\Examination System\team1\ExaminationSystem-team1\Features\AuthModule\UserLogin\LoginRequests\Commands\LoginCommandRequest.cs(71,22): error CS0117: 'RequestResult<LoginCommandResponseDTO>' does not contain a definition for 'Failure' [D:\Elevate\C2 ASP.NET  Tues 8-11PM\project 1\Examination System\team1\ExaminationSystem-team1\ExaminationSystem.csproj]
D:\Elevate\C2 ASP.NET  Tues 8-11PM\project 1\Examination System\team1\ExaminationSystem-team1\Features\AuthModule\UserLogin\LoginRequests\Commands\LoginCommandRequest.cs(76,22): error CS0117: 'RequestResult<LoginCommandResponseDTO>' does not contain a definition for 'Failure' [D:\Elevate\C2 ASP.NET  Tues 8-11PM\project 1\Examination System\team1\ExaminationSystem-team1\ExaminationSystem.csproj]
D:\Elevate\C2 ASP.NET  Tues 8-11PM\project 1\Examination System\team1\ExaminationSystem-team1\Features\AuthModule\UserLogin\LoginRequests\Commands\LoginCommandRequest.cs(81,22): error CS0117: 'RequestResult<LoginCommandResponseDTO>' does not contain a definition for 'Failure' [D:\Elevate\C2 ASP.NET  Tues 8-11PM\project 1\Examination System\team1\ExaminationSystem-team1\ExaminationSystem.csproj]
D:\Elevate\C2 ASP.NET  Tues 8-11PM\project 1\Examination System\team1\ExaminationSystem-team1\Features\AuthModule\UserLogin\LoginRequests\Commands\LoginCommandRequest.cs(86,22): error CS0117: 'RequestResult<LoginCommandResponseDTO>' does not contain a definition for 'Failure' [D:\Elevate\C2 ASP.NET  Tues 8-11PM\project 1\Examination System\team1\ExaminationSystem-team1\ExaminationSystem.csproj]
D:\Elevate\C2 ASP.NET  Tues 8-11PM\project 1\Examination System\team1\ExaminationSystem-team1\Features\AuthModule\UserLogin\LoginRequests\Commands\LoginCommandRequest.cs(94,22): error CS0117: 'RequestResult<LoginCommandResponseDTO>' does not contain a definition for 'Failure' [D:\Elevate\C2 ASP.NET  Tues 8-11PM\project 1\Examination System\team1\ExaminationSystem-team1\ExaminationSystem.csproj]
D:\Elevate\C2 ASP.NET  Tues 8-11PM\project 1\Examination System\team1\ExaminationSystem-team1\Features\AuthModule\UserLogin\LoginRequests\Commands\LoginCommandRequest.cs(99,59): error CS0117: 'RequestResult<LoginCommandResponseDTO>' does not contain a definition for 'Success' [D:\Elevate\C2 ASP.NET  Tues 8-11PM\project 1\Examination System\team1\ExaminationSystem-team1\ExaminationSystem.csproj]
    33 Warning(s)
    11 Error(s)

Time Elapsed 00:00:05.44

Workload updates are available. Run `dotnet workload list` for more information.
